============================================================
PRUEBAS DE CONVERSIÓN DE PRECIOS
============================================================
✓ '300' -> 300.0
✓ '300,00' -> 300.0
✓ '300.00' -> 300.0
✓ '3.000,00' -> 3000.0
✓ '3.000,00 €' -> 3000.0
✓ '1.234.567,89' -> 1234567.89
✓ '1.234.567,89 €' -> 1234567.89
✓ '50,5' -> 50.5
✗ '1.000' -> 1.0 (esperado: 1000.0) ¡ERROR!
✓ '1.000.000' -> 1000000.0
============================================================
✗ 1 PRUEBAS FALLARON
============================================================
